// Jest Snapshot v1, https://goo.gl/fbAQLP

exports[`it works Replies back with a JSON for a signed upload on success 1`] = `
Promise {
  "_a": undefined,
  "_c": Array [],
  "_d": false,
  "_h": 0,
  "_n": false,
  "_s": 0,
  "_v": undefined,
}
`;
